
[1m[46m RUN [49m[22m [36mv4.0.18 [39m[90mC:/Users/leenny/Documents/codicini/lol-profile-editor[39m

 [32mÔ£ô[39m src/components/tabs/TokensTab.test.tsx[2m > [22mTokensTab[2m > [22mshould render tokens card and slots[32m 39[2mms[22m[39m
 [32mÔ£ô[39m src/components/tabs/TokensTab.test.tsx[2m > [22mTokensTab[2m > [22mshould handle missing LCU[32m 7[2mms[22m[39m
 [32mÔ£ô[39m src/components/tabs/TokensTab.test.tsx[2m > [22mTokensTab[2m > [22mshould open picker when slot is clicked[32m 16[2mms[22m[39m
 [32mÔ£ô[39m src/components/tabs/TokensTab.test.tsx[2m > [22mTokensTab[2m > [22mshould filter tokens by search[32m 18[2mms[22m[39m
 [32mÔ£ô[39m src/components/tabs/TokensTab.test.tsx[2m > [22mTokensTab[2m > [22mshould handle token removal[32m 11[2mms[22m[39m
 [32mÔ£ô[39m src/components/tabs/TokensTab.test.tsx[2m > [22mTokensTab[2m > [22mshould handle string-based challenges format[32m 4[2mms[22m[39m
 [32mÔ£ô[39m src/components/tabs/TokensTab.test.tsx[2m > [22mTokensTab[2m > [22mshould handle fetch errors gracefully[32m 5[2mms[22m[39m
 [32mÔ£ô[39m src/components/tabs/TokensTab.test.tsx[2m > [22mTokensTab[2m > [22mshould handle application errors[32m 7[2mms[22m[39m
 [32mÔ£ô[39m src/components/tabs/TokensTab.test.tsx[2m > [22mTokensTab[2m > [22mshould show empty state when no tokens found[32m 8[2mms[22m[39m
 [31m├ù[39m src/components/tabs/TokensTab.test.tsx[2m > [22mTokensTab[2m > [22mshould handle keyboard navigation for slots and items[32m 10[2mms[22m[39m
[31m   ÔåÆ Unable to find an element with the text: Select Token (Slot 1). This could be because the text is broken up by multiple elements. In this case, you can provide a function for your text matcher to make your matcher more flexible.

Ignored nodes: comments, script, style
[36m<body>[31m
  [36m<div>[31m
    [36m<div[31m
      [33mclass[31m=[32m"tab-content fadeIn"[31m
    [36m>[31m
      [36m<div[31m
        [33mclass[31m=[32m"card"[31m
      [36m>[31m
        [36m<div[31m
          [33mstyle[31m=[32m"display: flex; align-items: center; justify-content: space-between; margin-bottom: 15px;"[31m
        [36m>[31m
          [36m<div[31m
            [33mstyle[31m=[32m"display: flex; align-items: center; gap: 10px;"[31m
          [36m>[31m
            [36m<svg[31m
              [33maria-hidden[31m=[32m"true"[31m
              [33mclass[31m=[32m"lucide lucide-award"[31m
              [33mfill[31m=[32m"none"[31m
              [33mheight[31m=[32m"20"[31m
              [33mstroke[31m=[32m"currentColor"[31m
              [33mstroke-linecap[31m=[32m"round"[31m
              [33mstroke-linejoin[31m=[32m"round"[31m
              [33mstroke-width[31m=[32m"2"[31m
              [33mstyle[31m=[32m"color: var(--hextech-gold);"[31m
              [33mviewBox[31m=[32m"0 0 24 24"[31m
              [33mwidth[31m=[32m"20"[31m
              [33mxmlns[31m=[32m"http://www.w3.org/2000/svg"[31m
            [36m>[31m
              [36m<path[31m
                [33md[31m=[32m"m15.477 12.89 1.515 8.526a.5.5 0 0 1-.81.47l-3.58-2.687a1 1 0 0 0-1.197 0l-3.586 2.686a.5.5 0 0 1-.81-.469l1.514-8.526"[31m
              [36m/>[31m
              [36m<circle[31m
                [33mcx[31m=[32m"12"[31m
                [33mcy[31m=[32m"8"[31m
                [33mr[31m=[32m"6"[31m
              [36m/>[31m
            [36m</svg>[31m
            [36m<h3[31m
              [33mclass[31m=[32m"card-title"[31m
              [33mstyle[31m=[32m"margin: 0px;"[31m
            [36m>[31m
              [0mProfile Tokens[0m
            [36m</h3>[31m
          [36m</div>[31m
          [36m<button[31m
            [33mclass[31m=[32m"refresh-icon-btn "[31m
            [33mtitle[31m=[32m"Refresh tokens"[31m
          [36m>[31m
            [36m<svg[31m
              [33maria-hidden[31m=[32m"true"[31m
              [33mclass[31m=[32m"lucide lucide-rotate-cw"[31m
              [33mfill[31m=[32m"none"[31m
              [33mheight[31m=[32m"16"[31m
              [33mstroke[31m=[32m"currentColor"[31m
              [33mstroke-linecap[31m=[32m"round"[31m
              [33mstroke-linejoin[31m=[32m"round"[31m
              [33mstroke-width[31m=[32m"2"[31m
              [33mviewBox[31m=[32m"0 0 24 24"[31m
              [33mwidth[31m=[32m"16"[31m
              [33mxmlns[31m=[32m"http://www.w3.org/2000/svg"[31m
            [36m>[31m
              [36m<path[31m
                [33md[31m=[32m"M21 12a9 9 0 1 1-9-9c2.52 0 4.93 1 6.74 2.74L21 8"[31m
              [36m/>[31m
              [36m<path[31m
                [33md[31m=[32m"M21 3v5h-5"[31m
              [36m/>[31m
            [36m</svg>[31m
          [36m</button>[31m
        [36m</div>[31m
        [36m<p[31m
          [33mclass[31m=[32m"music-subtitle"[31m
        [36m>[31m
          [0mClick on a slot to select one of your owned tokens.[0m
        [36m</p>[31m
        [36m<div[31m
          [33mclass[31m=[32m"token-slots-container"[31m
        [36m>[31m
          [36m<div[31m
            [33mclass[31m=[32m"token-slot-wrapper"[31m
          [36m>[31m
            [36m<button[31m
              [33mclass[31m=[32m"token-slot "[31m
              [33mtitle[31m=[32m"Test Token 1 (GOLD)"[31m
              [33mtype[31m=[32m"button"[31m
            [36m>[31m
              [36m<img[31m
                [33malt[31m=[32m"Test Token 1"[31m
                [33msrc[31m=[32m"https://raw.communitydragon.org/latest/game/assets/challenges/config/1/tokens/gold.png"[31m
              [36m/>[31m
            [36m</button>[31m
            [36m<span[31m
              [33mclass[31m=[32m"token-slot-label"[31m
            [36m>[31m
              [0mSlot [0m
              [0m1[0m
            [36m</span>[31m
          [36m</div>[31m
          [36m<div[31m
            [33mclass[31m=[32m"token-slot-wrapper"[31m
          [36m>[31m
            [36m<button[31m
              [33mclass[31m=[32m"token-slot "[31m
              [33mtitle[31m=[32m"Click to select a token"[31m
              [33mtype[31m=[32m"button"[31m
            [36m>[31m
              [36m<div[31m
                [33mclass[31m=[32m"token-placeholder"[31m
              [36m>[31m
                [0m+[0m
              [36m</div>[31m
            [36m</button>[31m
            [36m<span[31m
              [33mclass[31m=[32m"token-slot-label"[31m
            [36m>[31m
              [0mSlot [0m
              [0m2[0m
            [36m</span>[31m
          [36m</div>[31m
          [36m<div[31m
            [33mclass[31m=[32m"token-slot-wrapper"[31m
          [36m>[31m
            [36m<button[31m
              [33mclass[31m=[32m"token-slot "[31m
              [33mtitle[31m=[32m"Click to select a token"[31m
              [33mtype[31m=[32m"button"[31m
            [36m>[31m
              [36m<div[31m
                [33mclass[31m=[32m"token-placeholder"[31m
              [36m>[31m
                [0m+[0m
              [36m</div>[31m
            [36m</button>[31m
            [36m<span[31m
              [33mclass[31m=[32m"token-slot-label"[31m
            [36m>[31m
              [0mSlot [0m
              [0m3[0m
            [36m</span>[31m
          [36m</div>[31m
        [36m</div>[31m
        [36m<div[31m
          [33mclass[31m=[32m"music-badges"[31m
          [33mstyle[31m=[32m"justify-content: center; margin-bottom: 20px;"[31m
        [36m>[31m
          [36m<div[31m
            [33mclass[31m=[32m"music-badge ok"[31m
            [33mstyle[31m=[32m"font-size: 0.6rem;"[31m
          [36m>[31m
            [0m1[0m
            [0m Owned[0m
          [36m</div>[31m
        [36m</div>[31m
        [36m<button[31m
          [33mclass[31m=[32m"primary-btn"[31m
          [33mstyle[31m=[32m"width: 100%; display: flex; align-items: center; justify-content: center; gap: 8px;"[31m
        [36m>[31m
          [0mAPPLY TO PROFILE[0m
        [36m</button>[31m
      [36m</div>[31m
    [36m</div>[31m
  [36m</div>[31m
[36m</body>[31m[39m
 [32mÔ£ô[39m src/components/tabs/TokensTab.test.tsx[2m > [22mTokensTab[2m > [22mshould handle complex token data parsing[32m 7[2mms[22m[39m
 [32mÔ£ô[39m src/components/tabs/TokensTab.test.tsx[2m > [22mTokensTab[2m > [22mshould handle refresh button click[32m 6[2mms[22m[39m
 [32mÔ£ô[39m src/components/tabs/TokensTab.test.tsx[2m > [22mTokensTab[2m > [22mshould stop propagation when clicking modal content[32m 9[2mms[22m[39m
node.exe : 
In C:\nvm4w\nodejs\npx.ps1:16 
car:5
+     & "$basedir/node$exe"  "
$basedir/node_modules/npm/bin/
npx-cli.js" ...
+     ~~~~~~~~~~~~~~~~~~~~~~~~
~~~~~~~~~~~~~~~~~~~~~~~~~~~~~~
~~~~~~~~~~~
    + CategoryInfo          : 
    NotSpecified: (:String)   
  [], RemoteException
    + FullyQualifiedErrorId : 
    NativeCommandError
 
[31mÔÄ»ÔÄ»ÔÄ»ÔÄ»ÔÄ»ÔÄ»ÔÄ»[39
m[1m[41m Failed Tests 1 [49
m[22m[31mÔÄ»ÔÄ»ÔÄ»ÔÄ»ÔÄ»ÔÄ»Ô
Ä»[39m

[41m[1m FAIL [22m[49m src/
components/tabs/TokensTab.test
.tsx[2m > [22mTokensTab[2m 
> [22mshould handle keyboard 
navigation for slots and items
[31m[1mTestingLibraryElement
Error[22m[39m: Unable to 
find an element with the 
text: Select Token (Slot 1). 
This could be because the 
text is broken up by multiple 
elements. In this case, you 
can provide a function for 
your text matcher to make 
your matcher more flexible.

Ignored nodes: comments, 
script, style
[36m<body>[39m
  [36m<div>[39m
    [36m<div[39m
      [33mclass[39m=[32m"ta
b-content fadeIn"[39m
    [36m>[39m
      [36m<div[39m
        [33mclass[39m=[32m"
card"[39m
      [36m>[39m
        [36m<div[39m
          [33mstyle[39m=[32
m"display: flex; align-items: 
center; justify-content: 
space-between; margin-bottom: 
15px;"[39m
        [36m>[39m
          [36m<div[39m
            [33mstyle[39m=[
32m"display: flex; 
align-items: center; gap: 
10px;"[39m
          [36m>[39m
            [36m<svg[39m
              [33maria-hidden
[39m=[32m"true"[39m
              
[33mclass[39m=[32m"lucide 
lucide-award"[39m
              [33mfill[39m=
[32m"none"[39m
              [33mheight[39m
=[32m"20"[39m
              [33mstroke[39m
=[32m"currentColor"[39m
              [33mstroke-line
cap[39m=[32m"round"[39m
              [33mstroke-line
join[39m=[32m"round"[39m
              [33mstroke-widt
h[39m=[32m"2"[39m
              
[33mstyle[39m=[32m"color: 
var(--hextech-gold);"[39m
              
[33mviewBox[39m=[32m"0 0 
24 24"[39m
              
[33mwidth[39m=[32m"20"[39m
              [33mxmlns[39m=
[32m"http://www.w3.org/2000/s
vg"[39m
            [36m>[39m
              [36m<path[39m
                
[33md[39m=[32m"m15.477 
12.89 1.515 8.526a.5.5 0 0 
1-.81.47l-3.58-2.687a1 1 0 0 
0-1.197 0l-3.586 2.686a.5.5 0 
0 1-.81-.469l1.514-8.526"[39m
              [36m/>[39m
              
[36m<circle[39m
                
[33mcx[39m=[32m"12"[39m
                
[33mcy[39m=[32m"8"[39m
                
[33mr[39m=[32m"6"[39m
              [36m/>[39m
            [36m</svg>[39m
            [36m<h3[39m
              [33mclass[39m=
[32m"card-title"[39m
              
[33mstyle[39m=[32m"margin: 
0px;"[39m
            [36m>[39m
              [0mProfile 
Tokens[0m
            [36m</h3>[39m
          [36m</div>[39m
          [36m<button[39m
            [33mclass[39m=[
32m"refresh-icon-btn "[39m
            
[33mtitle[39m=[32m"Refresh 
tokens"[39m
          [36m>[39m
            [36m<svg[39m
              [33maria-hidden
[39m=[32m"true"[39m
              
[33mclass[39m=[32m"lucide 
lucide-rotate-cw"[39m
              [33mfill[39m=
[32m"none"[39m
              [33mheight[39m
=[32m"16"[39m
              [33mstroke[39m
=[32m"currentColor"[39m
              [33mstroke-line
cap[39m=[32m"round"[39m
              [33mstroke-line
join[39m=[32m"round"[39m
              [33mstroke-widt
h[39m=[32m"2"[39m
              
[33mviewBox[39m=[32m"0 0 
24 24"[39m
              
[33mwidth[39m=[32m"16"[39m
              [33mxmlns[39m=
[32m"http://www.w3.org/2000/s
vg"[39m
            [36m>[39m
              [36m<path[39m
                
[33md[39m=[32m"M21 12a9 9 
0 1 1-9-9c2.52 0 4.93 1 6.74 
2.74L21 8"[39m
              [36m/>[39m
              [36m<path[39m
                
[33md[39m=[32m"M21 
3v5h-5"[39m
              [36m/>[39m
            [36m</svg>[39m
          [36m</button>[39m
        [36m</div>[39m
        [36m<p[39m
          [33mclass[39m=[32
m"music-subtitle"[39m
        [36m>[39m
          [0mClick on a slot 
to select one of your owned 
tokens.[0m
        [36m</p>[39m
        [36m<div[39m
          [33mclass[39m=[32
m"token-slots-container"[39m
        [36m>[39m
          [36m<div[39m
            [33mclass[39m=[
32m"token-slot-wrapper"[39m
          [36m>[39m
            [36m<button[39m
              [33mclass[39m=
[32m"token-slot "[39m
              
[33mtitle[39m=[32m"Test 
Token 1 (GOLD)"[39m
              [33mtype[39m=
[32m"button"[39m
            [36m>[39m
              [36m<img[39m
                
[33malt[39m=[32m"Test 
Token 1"[39m
                [33msrc[39m=
[32m"https://raw.communitydra
gon.org/latest/game/assets/cha
llenges/config/1/tokens/gold.p
ng"[39m
              [36m/>[39m
            
[36m</button>[39m
            [36m<span[39m
              [33mclass[39m=
[32m"token-slot-label"[39m
            [36m>[39m
              [0mSlot [0m
              [0m1[0m
            [36m</span>[39m
          [36m</div>[39m
          [36m<div[39m
            [33mclass[39m=[
32m"token-slot-wrapper"[39m
          [36m>[39m
            [36m<button[39m
              [33mclass[39m=
[32m"token-slot "[39m
              
[33mtitle[39m=[32m"Click 
to select a token"[39m
              [33mtype[39m=
[32m"button"[39m
            [36m>[39m
              [36m<div[39m
                [33mclass[39
m=[32m"token-placeholder"[39
m
              [36m>[39m
                [0m+[0m
              [36m</div>[39m
            
[36m</button>[39m
            [36m<span[39m
              [33mclass[39m=
[32m"token-slot-label"[39m
            [36m>[39m
              [0mSlot [0m
              [0m2[0m
            [36m</span>[39m
          [36m</div>[39m
          [36m<div[39m
            [33mclass[39m=[
32m"token-slot-wrapper"[39m
          [36m>[39m
            [36m<button[39m

[2m Test Files [22m [1m[31m1 failed[39m[22m[90m (1)[39m
[2m      Tests [22m [1m[31m1 failed[39m[22m[2m | [22m[1m[32m12 passed[39m[22m[90m (13)[39m
[2m   Start at [22m 22:35:44
[2m   Duration [22m 1.12s[2m (transform 66ms, setup 76ms, import 205ms, tests 149ms, environment 572ms)[22m

              [33mclass[39m=
[32m"token-slot "[39m
              
[33mtitle[39m=[32m"Click 
to select a token"[39m
              [33mtype[39m=
[32m"button"[39m
            [36m>[39m
              [36m<div[39m
                [33mclass[39
m=[32m"token-placeholder"[39
m
              [36m>[39m
                [0m+[0m
              [36m</div>[39m
            
[36m</button>[39m
            [36m<span[39m
              [33mclass[39m=
[32m"token-slot-label"[39m
            [36m>[39m
              [0mSlot [0m
              [0m3[0m
            [36m</span>[39m
          [36m</div>[39m
        [36m</div>[39m
        [36m<div[39m
          [33mclass[39m=[32
m"music-badges"[39m
          [33mstyle[39m=[32
m"justify-content: center; 
margin-bottom: 20px;"[39m
        [36m>[39m
          [36m<div[39m
            [33mclass[39m=[
32m"music-badge ok"[39m
            [33mstyle[39m=[
32m"font-size: 0.6rem;"[39m
          [36m>[39m
            [0m1[0m
            [0m Owned[0m
          [36m</div>[39m
        [36m</div>[39m
        [36m<button[39m
          [33mclass[39m=[32
m"primary-btn"[39m
          
[33mstyle[39m=[32m"width: 
100%; display: flex; 
align-items: center; 
justify-content: center; gap: 
8px;"[39m
        [36m>[39m
          [0mAPPLY TO 
PROFILE[0m
        [36m</button>[39m
      [36m</div>[39m
    [36m</div>[39m
  [36m</div>[39m
[36m</body>[39m
[90m [2mÔØ»[22m 
Object.getElementError node_mo
dules/@testing-library/dom/dis
t/config.js:[2m37:19[22m[39
m
[90m [2mÔØ»[22m node_module
s/@testing-library/dom/dist/qu
ery-helpers.js:[2m76:38[22m
[39m
[90m [2mÔØ»[22m node_module
s/@testing-library/dom/dist/qu
ery-helpers.js:[2m52:17[22m
[39m
[90m [2mÔØ»[22m node_module
s/@testing-library/dom/dist/qu
ery-helpers.js:[2m95:19[22m
[39m
[36m [2mÔØ»[22m src/compone
nts/tabs/TokensTab.test.tsx:[
2m172:23[22m[39m
    [90m170| [39m        
[90m// Enter key to open 
picker[39m
    [90m171| [39m        fir
eEvent[33m.[39m[34mkeyDown
[39m(slot1[33m,[39m { 
key[33m:[39m 
[32m'Enter'[39m[33m,[39m 
code[33m:[39m 
[32m'Enter'[39m 
})[33m;[39m
    [90m172| [39m        exp
ect(screen.getByText('Select 
Token (Slot 
1)')).toBeDefined(ÔÇª
    [90m   | [39m           
           [31m^[39m
    [90m173| [39m
    [90m174| [39m        
[90m// Escape key to close 
picker[39m

[31m[2mÔÄ»ÔÄ»ÔÄ»ÔÄ»ÔÄ»ÔÄ»ÔÄ»
ÔÄ»ÔÄ»ÔÄ»ÔÄ»ÔÄ»ÔÄ»ÔÄ»ÔÄ»ÔÄ»ÔÄ»
ÔÄ»ÔÄ»ÔÄ»ÔÄ»ÔÄ»ÔÄ»ÔÄ»[1/1]ÔÄ»
[22m[39m

